// Jest Snapshot v1, https://goo.gl/fbAQLP

exports[`Indecision Unit Testing snapshot should matched 1`] = `
<div class="w-full md:w-1/2 mx-auto mb-5">
  <div class="flex justify-center"><img src="" alt="FT" class="w-80"></div>
  <div class="flex flex-col space-y-10">
    <div class="space-y-2"><label for="question" class="font-bold text-white">Question</label><input id="question" type="text" placeholder="Ask me anything" class="shadow appearance-none border rounded w-full py-2 px-3 text-gray-700 leading-tight focus:outline-gray-300 focus:shadow-none">
      <p class="text-sm text-white">End with the question mark (?)</p>
    </div>
    <div class="text-center text-4xl space-y-5 font-semibold" style="display: none;">
      <h1 class="relative top-0 left-0 capitalize text-9xl text-white"></h1>
    </div>
  </div>
</div>
`;
